../Core/Src/main.c:220:13:modbus_command_release_guard	8	static
../Core/Src/main.c:226:13:plc_apply_live_torque	144	static
../Core/Src/main.c:275:13:plc_apply_live_speed	144	static
../Core/Src/main.c:324:13:CPU_CACHE_Enable	4	static
../Core/Src/main.c:331:12:modbus_eth_link_ready	4	static
../Core/Src/main.c:336:13:modbus_uart_plc_fail_throttled	16	static
../Core/Src/main.c:346:13:modbus_uart_eth_down_throttled	16	static
../Core/Src/main.c:356:13:modbus_uart_socket_fail_throttled	16	static
../Core/Src/main.c:366:13:modbus_uart_io_fail_throttled	16	static
../Core/Src/main.c:376:12:modbus_open_socket	56	static
../Core/Src/main.c:425:12:modbus_write_single_register	248	static
../Core/Src/main.c:503:12:modbus_write_single_coil	248	static
../Core/Src/main.c:581:12:modbus_write_single_register_on_socket	240	static
../Core/Src/main.c:647:12:modbus_write_single_coil_on_socket	240	static
../Core/Src/main.c:713:12:plc_read_float_holding	128	static
../Core/Src/main.c:795:12:plc_read_float_holding_on_socket	136	static
../Core/Src/main.c:861:13:telemetry_fmt_fixed2	48	static
../Core/Src/main.c:878:13:telemetry_send_live_to_esp	112	static
../Core/Src/main.c:892:13:plc_start	8	static
../Core/Src/main.c:902:13:plc_stop	16	static
../Core/Src/main.c:961:13:plc_set_speed_torque	160	static
../Core/Src/main.c:979:6:modbus_motion_test_once	8	static
../Core/Src/main.c:1005:13:plc_rewind_from_esp	8	static
../Core/Src/main.c:1012:6:plc_reset_meter	8	static
../Core/Src/main.c:1021:6:plc_set_fixed_speed_torque_distance	152	static
../Core/Src/main.c:1041:6:plc_start_fixed_mode_from_esp	16	static
../Core/Src/main.c:1103:6:plc_stop_from_esp	8	static
../Core/Src/main.c:1112:13:modbus_command_worker_run	16	static
../Core/Src/main.c:1157:13:esp_check_uart_command	128	static
../Core/Src/main.c:1440:5:modbus_read_all_registers	432	static
../Core/Src/main.c:1503:5:plc_read_one_holding_register	104	static
../Core/Src/main.c:1551:5:plc_read_one_coil	104	static
../Core/Src/main.c:1599:6:plc_diagnostic_read_all	256	static
../Core/Src/main.c:1717:5:main	8	static
../Core/Src/main.c:1784:6:SystemClock_Config	120	static
../Core/Src/main.c:1821:13:MX_USART2_UART_Init	8	static
../Core/Src/main.c:1853:13:MX_USART3_UART_Init	8	static
../Core/Src/main.c:1885:13:MX_GPIO_Init	32	static
../Core/Src/main.c:1894:6:StartDefaultTask	224	static
../Core/Src/main.c:2084:6:MPU_Config	24	static
../Core/Src/main.c:2107:6:Error_Handler	4	static,ignoring_inline_asm
