../Core/Src/stm32h7xx_it.c:32:13:hf_uart	16	static
../Core/Src/stm32h7xx_it.c:82:6:NMI_Handler	4	static
../Core/Src/stm32h7xx_it.c:97:6:HardFault_Handler	136	static
../Core/Src/stm32h7xx_it.c:123:6:MemManage_Handler	4	static
../Core/Src/stm32h7xx_it.c:138:6:BusFault_Handler	4	static
../Core/Src/stm32h7xx_it.c:153:6:UsageFault_Handler	4	static
../Core/Src/stm32h7xx_it.c:168:6:DebugMon_Handler	4	static
../Core/Src/stm32h7xx_it.c:181:6:SysTick_Handler	8	static
../Core/Src/stm32h7xx_it.c:210:6:ETH_IRQHandler	8	static
