../LWIP/Target/ethernetif.c:47:13:eth_uart_print	16	static
../LWIP/Target/ethernetif.c:183:6:HAL_ETH_RxCpltCallback	16	static
../LWIP/Target/ethernetif.c:194:6:HAL_ETH_TxCpltCallback	16	static
../LWIP/Target/ethernetif.c:204:6:HAL_ETH_ErrorCallback	88	static
../LWIP/Target/ethernetif.c:233:13:low_level_init	176	static
../LWIP/Target/ethernetif.c:411:14:low_level_output	440	static
../LWIP/Target/ethernetif.c:562:22:low_level_input	24	static
../LWIP/Target/ethernetif.c:583:6:ethernetif_input	168	static
../LWIP/Target/ethernetif.c:699:7:ethernetif_init	16	static
../LWIP/Target/ethernetif.c:750:6:pbuf_free_custom	24	static
../LWIP/Target/ethernetif.c:773:7:sys_now	8	static
../LWIP/Target/ethernetif.c:786:6:HAL_ETH_MspInit	64	static
../LWIP/Target/ethernetif.c:851:6:HAL_ETH_MspDeInit	16	static
../LWIP/Target/ethernetif.c:899:9:ETH_PHY_IO_Init	8	static
../LWIP/Target/ethernetif.c:916:9:ETH_PHY_IO_DeInit	4	static
../LWIP/Target/ethernetif.c:928:9:ETH_PHY_IO_ReadReg	24	static
../LWIP/Target/ethernetif.c:945:9:ETH_PHY_IO_WriteReg	24	static
../LWIP/Target/ethernetif.c:959:9:ETH_PHY_IO_GetTick	8	static
../LWIP/Target/ethernetif.c:968:6:ethernet_link_thread	136	static
../LWIP/Target/ethernetif.c:1038:6:HAL_ETH_RxAllocateCallback	32	static
../LWIP/Target/ethernetif.c:1060:6:HAL_ETH_RxLinkCallback	40	static
../LWIP/Target/ethernetif.c:1100:6:HAL_ETH_TxFreeCallback	16	static
